ok pass.......xxxxxxxxxxxxxxxxxxxxxxx
